<!-- Converted by extension-curve --><svg xmlns="http://www.w3.org/2000/svg" xmlns:svg="http://www.w3.org/2000/svg" xmlns:xlink="http://www.w3.org/1999/xlink" xmlns:sodipodi="http://sodipodi.sourceforge.net/DTD/sodipodi-0.dtd" xmlns:inkscape="http://www.inkscape.org/namespaces/inkscape" viewBox="0 0 800 600" width="800" height="600">
    <defs><filter color-interpolation-filters="sRGB" id="filter5815"><feGaussianBlur stdDeviation="3.489042599995931" result="blur"/></filter></defs><sodipodi:namedview><inkscape:page x="0" y="0" width="800" height="600" inkscape:label="Texts"/></sodipodi:namedview><g inkscape:groupmode="layer" inkscape:label="Texts"><g inkscape:groupmode="layer" inkscape:label="Layer 1" opacity="1" style="display:inline"><text transform="translate(6.75406, 14.9428)" inkscape:label="Sizes" style="opacity:1;mix-blend-mode:normal;display:inline"><tspan sodipodi:role="line" x="0" y="0px"><tspan style="font-size:8.0px;letter-spacing:0px;font-family:&quot;Helvetica&quot;;font-weight:bold;font-style:normal;fill:#000000;fill-opacity:1.0;fill-rule:nonzero">8pt </tspan><tspan style="font-size:9.0px;letter-spacing:0px;font-family:&quot;Helvetica&quot;;font-weight:bold;font-style:normal;fill:#000000;fill-opacity:1.0;fill-rule:nonzero">9pt</tspan><tspan style="font-size:8.0px;letter-spacing:0px;font-family:&quot;Helvetica&quot;;font-weight:bold;font-style:normal;fill:#000000;fill-opacity:1.0;fill-rule:nonzero"> </tspan><tspan style="font-size:10.0px;letter-spacing:0px;font-family:&quot;Helvetica&quot;;font-weight:bold;font-style:normal;fill:#000000;fill-opacity:1.0;fill-rule:nonzero">10pt</tspan><tspan style="font-size:8.0px;letter-spacing:0px;font-family:&quot;Helvetica&quot;;font-weight:bold;font-style:normal;fill:#000000;fill-opacity:1.0;fill-rule:nonzero"> </tspan><tspan style="font-size:11.0px;letter-spacing:0px;font-family:&quot;Helvetica&quot;;font-weight:bold;font-style:normal;fill:#000000;fill-opacity:1.0;fill-rule:nonzero">11pt</tspan><tspan style="font-size:8.0px;letter-spacing:0px;font-family:&quot;Helvetica&quot;;font-weight:bold;font-style:normal;fill:#000000;fill-opacity:1.0;fill-rule:nonzero"> </tspan><tspan style="font-size:12.0px;letter-spacing:0px;font-family:&quot;Helvetica&quot;;font-weight:bold;font-style:normal;fill:#000000;fill-opacity:1.0;fill-rule:nonzero">12pt</tspan><tspan style="font-size:8.0px;letter-spacing:0px;font-family:&quot;Helvetica&quot;;font-weight:bold;font-style:normal;fill:#000000;fill-opacity:1.0;fill-rule:nonzero"> </tspan><tspan style="font-size:14.0px;letter-spacing:0px;font-family:&quot;Helvetica&quot;;font-weight:bold;font-style:normal;fill:#000000;fill-opacity:1.0;fill-rule:nonzero">14pt</tspan><tspan style="font-size:8.0px;letter-spacing:0px;font-family:&quot;Helvetica&quot;;font-weight:bold;font-style:normal;fill:#000000;fill-opacity:1.0;fill-rule:nonzero"> </tspan><tspan style="font-size:16.0px;letter-spacing:0px;font-family:&quot;Helvetica&quot;;font-weight:bold;font-style:normal;fill:#000000;fill-opacity:1.0;fill-rule:nonzero">16pt</tspan><tspan style="font-size:8.0px;letter-spacing:0px;font-family:&quot;Helvetica&quot;;font-weight:bold;font-style:normal;fill:#000000;fill-opacity:1.0;fill-rule:nonzero"> </tspan><tspan style="font-size:18.0px;letter-spacing:0px;font-family:&quot;Helvetica&quot;;font-weight:bold;font-style:normal;fill:#000000;fill-opacity:1.0;fill-rule:nonzero">18pt</tspan><tspan style="font-size:8.0px;letter-spacing:0px;font-family:&quot;Helvetica&quot;;font-weight:bold;font-style:normal;fill:#000000;fill-opacity:1.0;fill-rule:nonzero"> </tspan><tspan style="font-size:21.0px;letter-spacing:0px;font-family:&quot;Helvetica&quot;;font-weight:bold;font-style:normal;fill:#000000;fill-opacity:1.0;fill-rule:nonzero">21pt</tspan></tspan></text><text transform="translate(4.14894, 46.9876)" inkscape:label="Styles" style="opacity:1;mix-blend-mode:normal;display:inline"><tspan sodipodi:role="line" x="0" y="0px"><tspan style="font-size:18.0px;letter-spacing:0px;font-family:&quot;Helvetica&quot;;font-weight:normal;font-style:normal;fill:#000000;fill-opacity:1.0;fill-rule:nonzero">Normal</tspan><tspan style="font-size:18.0px;letter-spacing:0px;font-family:&quot;Helvetica&quot;;font-weight:bold;font-style:normal;fill:#000000;fill-opacity:1.0;fill-rule:nonzero"> Bold </tspan><tspan style="font-size:18.0px;letter-spacing:0px;font-family:&quot;Helvetica&quot;;font-weight:normal;font-style:oblique;fill:#000000;fill-opacity:1.0;fill-rule:nonzero">Italic</tspan><tspan style="font-size:18.0px;letter-spacing:0px;font-family:&quot;Helvetica&quot;;font-weight:bold;font-style:normal;fill:#000000;fill-opacity:1.0;fill-rule:nonzero"> </tspan><tspan style="font-size:18.0px;letter-spacing:0px;font-family:&quot;Helvetica&quot;;font-weight:normal;font-style:normal;fill:#000000;fill-opacity:1.0;fill-rule:nonzero">Underline</tspan><tspan style="font-size:18.0px;letter-spacing:0px;font-family:&quot;Helvetica&quot;;font-weight:bold;font-style:normal;fill:#000000;fill-opacity:1.0;fill-rule:nonzero"> </tspan><tspan style="font-size:18.0px;letter-spacing:0px;font-family:&quot;Helvetica&quot;;font-weight:normal;font-style:normal;fill:#000000;fill-opacity:1.0;fill-rule:nonzero">Strikethrough</tspan><tspan style="font-size:18.0px;letter-spacing:0px;font-family:&quot;Helvetica&quot;;font-weight:normal;font-style:normal;fill:#000000;fill-opacity:1.0;fill-rule:nonzero">  </tspan><tspan style="font-size:18.0px;letter-spacing:0px;font-family:&quot;Helvetica&quot;;font-weight:bold;font-style:oblique;fill:#000000;fill-opacity:1.0;fill-rule:nonzero">Underline&amp;</tspan><tspan style="font-size:18.0px;letter-spacing:0px;font-family:&quot;Helvetica&quot;;font-weight:bold;font-style:oblique;fill:#000000;fill-opacity:1.0;fill-rule:nonzero">Stri</tspan><tspan style="font-size:18.0px;letter-spacing:0px;font-family:&quot;Helvetica&quot;;font-weight:bold;font-style:oblique;fill:#000000;fill-opacity:1.0;fill-rule:nonzero">ke</tspan></tspan></text><text transform="translate(4.56547, 75.5536)" inkscape:label="Kerning" style="opacity:1;mix-blend-mode:normal;display:inline"><tspan sodipodi:role="line" x="0" y="0px"><tspan style="font-size:18.0px;letter-spacing:0px;font-family:&quot;Helvetica&quot;;font-weight:bold;font-style:normal;fill:#000000;fill-opacity:1.0;fill-rule:nonzero">Kerning10pt</tspan></tspan></text><text transform="translate(232.098, 77.1075)" inkscape:label="Tracking" style="opacity:1;mix-blend-mode:normal;display:inline"><tspan sodipodi:role="line" x="0" y="0px"><tspan style="font-size:18.0px;letter-spacing:0px;font-family:&quot;Helvetica&quot;;font-weight:bold;font-style:normal;fill:#000000;fill-opacity:1.0;fill-rule:nonzero">Tracking18</tspan></tspan></text><text transform="translate(6.64258, 105.709)" inkscape:label="AlignLeft" style="opacity:1;mix-blend-mode:normal;display:inline"><tspan sodipodi:role="line" x="0" y="0px"><tspan style="font-size:18.0px;letter-spacing:0px;font-family:&quot;Helvetica&quot;;font-weight:normal;font-style:normal;fill:#000000;fill-opacity:1.0;fill-rule:nonzero">Testing</tspan></tspan><tspan sodipodi:role="line" x="0" y="18.0px"><tspan style="font-size:18.0px;letter-spacing:0px;font-family:&quot;Helvetica&quot;;font-weight:normal;font-style:normal;fill:#000000;fill-opacity:1.0;fill-rule:nonzero">Multiple</tspan></tspan><tspan sodipodi:role="line" x="0" y="36.0px"><tspan style="font-size:18.0px;letter-spacing:0px;font-family:&quot;Helvetica&quot;;font-weight:normal;font-style:normal;fill:#000000;fill-opacity:1.0;fill-rule:nonzero">Lines</tspan></tspan></text><text transform="translate(94.5812, 105.709)" inkscape:label="AlignCenter" style="opacity:1;mix-blend-mode:normal;display:inline"><tspan sodipodi:role="line" x="0" y="0px"><tspan style="font-size:18.0px;letter-spacing:0px;font-family:&quot;Helvetica&quot;;font-weight:normal;font-style:normal;fill:#000000;fill-opacity:1.0;fill-rule:nonzero">Testing</tspan></tspan><tspan sodipodi:role="line" x="0" y="18.0px"><tspan style="font-size:18.0px;letter-spacing:0px;font-family:&quot;Helvetica&quot;;font-weight:normal;font-style:normal;fill:#000000;fill-opacity:1.0;fill-rule:nonzero">Multiple</tspan></tspan><tspan sodipodi:role="line" x="0" y="36.0px"><tspan style="font-size:18.0px;letter-spacing:0px;font-family:&quot;Helvetica&quot;;font-weight:normal;font-style:normal;fill:#000000;fill-opacity:1.0;fill-rule:nonzero">Lines</tspan></tspan></text><text transform="translate(182.52, 105.709)" inkscape:label="AlignRight" style="opacity:1;mix-blend-mode:normal;display:inline"><tspan sodipodi:role="line" x="0" y="0px"><tspan style="font-size:18.0px;letter-spacing:0px;font-family:&quot;Helvetica&quot;;font-weight:normal;font-style:normal;fill:#000000;fill-opacity:1.0;fill-rule:nonzero">Testing</tspan></tspan><tspan sodipodi:role="line" x="0" y="18.0px"><tspan style="font-size:18.0px;letter-spacing:0px;font-family:&quot;Helvetica&quot;;font-weight:normal;font-style:normal;fill:#000000;fill-opacity:1.0;fill-rule:nonzero">Multiple</tspan></tspan><tspan sodipodi:role="line" x="0" y="36.0px"><tspan style="font-size:18.0px;letter-spacing:0px;font-family:&quot;Helvetica&quot;;font-weight:normal;font-style:normal;fill:#000000;fill-opacity:1.0;fill-rule:nonzero">Lines</tspan></tspan></text><text transform="translate(270.458, 105.709)" inkscape:label="Justify" style="opacity:1;mix-blend-mode:normal;display:inline"><tspan sodipodi:role="line" x="0" y="0px"><tspan style="font-size:18.0px;letter-spacing:0px;font-family:&quot;Helvetica&quot;;font-weight:normal;font-style:normal;fill:#000000;fill-opacity:1.0;fill-rule:nonzero">Testing</tspan></tspan><tspan sodipodi:role="line" x="0" y="18.0px"><tspan style="font-size:18.0px;letter-spacing:0px;font-family:&quot;Helvetica&quot;;font-weight:normal;font-style:normal;fill:#000000;fill-opacity:1.0;fill-rule:nonzero">Multiple</tspan></tspan><tspan sodipodi:role="line" x="0" y="36.0px"><tspan style="font-size:18.0px;letter-spacing:0px;font-family:&quot;Helvetica&quot;;font-weight:normal;font-style:normal;fill:#000000;fill-opacity:1.0;fill-rule:nonzero">Lines</tspan></tspan></text><text transform="translate(358.397, 105.709)" inkscape:label="LineHeight" style="opacity:1;mix-blend-mode:normal;display:inline"><tspan sodipodi:role="line" x="0" y="0px"><tspan style="font-size:18.0px;letter-spacing:0px;font-family:&quot;Helvetica&quot;;font-weight:normal;font-style:normal;fill:#000000;fill-opacity:1.0;fill-rule:nonzero">Line</tspan></tspan><tspan sodipodi:role="line" x="0" y="18.0px"><tspan style="font-size:18.0px;letter-spacing:0px;font-family:&quot;Helvetica&quot;;font-weight:normal;font-style:normal;fill:#000000;fill-opacity:1.0;fill-rule:nonzero">Height: 20pt</tspan></tspan></text><text transform="translate(7.67614, 179.747)" inkscape:label="LinearGradient" style="opacity:1;mix-blend-mode:normal;display:inline"><tspan sodipodi:role="line" x="0" y="0px"><tspan style="font-size:40.0px;letter-spacing:0px;font-family:&quot;Helvetica&quot;;font-weight:bold;font-style:normal;fill:none">LinearGradient</tspan></tspan></text><text transform="translate(315.381, 183.244)" inkscape:label="RadialGradient" style="opacity:1;mix-blend-mode:normal;display:inline"><tspan sodipodi:role="line" x="0" y="0px"><tspan style="font-size:40.0px;letter-spacing:0px;font-family:&quot;Helvetica&quot;;font-weight:bold;font-style:normal;fill:none">RadialGradient</tspan></tspan></text><text transform="translate(13.322, 235.352)" inkscape:label="Stroke" style="opacity:1;mix-blend-mode:normal;display:inline"><tspan sodipodi:role="line" x="0" y="0px"><tspan style="font-size:40.0px;letter-spacing:0px;font-family:&quot;Helvetica&quot;;font-weight:bold;font-style:normal;fill:none">Stroke</tspan></tspan></text><text transform="translate(160.428, 237.929)" inkscape:label="Blurred" style="opacity:1;mix-blend-mode:normal;display:inline;filter:url(#filter5815)"><tspan sodipodi:role="line" x="0" y="0px"><tspan style="font-size:40.0px;letter-spacing:0px;font-family:&quot;Helvetica&quot;;font-weight:bold;font-style:normal;fill:#FF0000;fill-opacity:1.0;fill-rule:nonzero">Blurred</tspan></tspan></text><text transform="translate(326.455, 237.11)" inkscape:label="Shadow" style="opacity:1;mix-blend-mode:normal;display:inline"><tspan sodipodi:role="line" x="0" y="0px"><tspan style="font-size:40.0px;letter-spacing:0px;font-family:&quot;Helvetica&quot;;font-weight:bold;font-style:normal;fill:#FFFFFF;fill-opacity:1.0;fill-rule:nonzero">Shadow</tspan></tspan></text><path d="M 90.4407 350.704 C 90.4407 350.704 125.994 413.245 191.083 405.454 C 256.173 397.663 292.508 338.116 354.328 333.342 C 416.148 328.567 483.412 398.851 483.412 398.851" inkscape:label="(curve)" style="opacity:1;mix-blend-mode:normal;display:inline;stroke:none;fill:#000000;fill-opacity:1;fill-rule:nonzero"/><text transform="translate(8.09686, 433.836)" inkscape:label="Autowidth" style="opacity:1;mix-blend-mode:normal;display:inline"><tspan sodipodi:role="line" x="0" y="0px"><tspan style="font-size:18.0px;letter-spacing:0px;font-family:&quot;Helvetica&quot;;font-weight:normal;font-style:normal;fill:#000000;fill-opacity:1.0;fill-rule:nonzero">Testing</tspan></tspan><tspan sodipodi:role="line" x="0" y="18.0px"><tspan style="font-size:18.0px;letter-spacing:0px;font-family:&quot;Helvetica&quot;;font-weight:normal;font-style:normal;fill:#000000;fill-opacity:1.0;fill-rule:nonzero">Autowidthwidthwidth</tspan></tspan></text><text transform="translate(187.161, 433.836)" inkscape:label="Autoheight" style="opacity:1;mix-blend-mode:normal;display:inline"><tspan sodipodi:role="line" x="0" y="0px"><tspan style="font-size:18.0px;letter-spacing:0px;font-family:&quot;Helvetica&quot;;font-weight:normal;font-style:normal;fill:#000000;fill-opacity:1.0;fill-rule:nonzero">Testing</tspan></tspan><tspan sodipodi:role="line" x="0" y="18.0px"><tspan style="font-size:18.0px;letter-spacing:0px;font-family:&quot;Helvetica&quot;;font-weight:normal;font-style:normal;fill:#000000;fill-opacity:1.0;fill-rule:nonzero">Auto</tspan><tspan style="font-size:18.0px;letter-spacing:0px;font-family:&quot;Helvetica&quot;;font-weight:normal;font-style:normal;fill:#000000;fill-opacity:1.0;fill-rule:nonzero">heightheightheightheight</tspan></tspan></text><text transform="translate(309.505, 433.836)" inkscape:label="Fixedsize" style="opacity:1;mix-blend-mode:normal;display:inline"><tspan sodipodi:role="line" x="0" y="0px"><tspan style="font-size:18.0px;letter-spacing:0px;font-family:&quot;Helvetica&quot;;font-weight:normal;font-style:normal;fill:#000000;fill-opacity:1.0;fill-rule:nonzero">Testing</tspan></tspan><tspan sodipodi:role="line" x="0" y="18.0px"><tspan style="font-size:18.0px;letter-spacing:0px;font-family:&quot;Helvetica&quot;;font-weight:normal;font-style:normal;fill:#000000;fill-opacity:1.0;fill-rule:nonzero">Fixed</tspan><tspan style="font-size:18.0px;letter-spacing:0px;font-family:&quot;Helvetica&quot;;font-weight:normal;font-style:normal;fill:#000000;fill-opacity:1.0;fill-rule:nonzero">izesizesizesizesi</tspan><tspan style="font-size:18.0px;letter-spacing:0px;font-family:&quot;Helvetica&quot;;font-weight:normal;font-style:normal;fill:#000000;fill-opacity:1.0;fill-rule:nonzero">ze</tspan></tspan></text></g></g></svg>