<!-- Converted by extension-curve -->
<svg xmlns="http://www.w3.org/2000/svg" xmlns:svg="http://www.w3.org/2000/svg" xmlns:xlink="http://www.w3.org/1999/xlink" xmlns:sodipodi="http://sodipodi.sourceforge.net/DTD/sodipodi-0.dtd" xmlns:inkscape="http://www.inkscape.org/namespaces/inkscape" viewBox="0 0 800 600" width="800px" height="600px">
  <defs>
    <inkscape:path-effect effect="powerstroke" is_visible="true" lpeversion="1.3" scale_width="2.0" interpolator_type="CubicBezierJohan" interpolator_beta="0.22" start_linecap_type="round" end_linecap_type="round" sort_points="true" not_jump="false" offset_points="0.000000,0.000000 | 1.223982,7.381736 | 2.732875,3.781977 | 4.000000,0.000000" id="path-effect5815"/>
    <inkscape:path-effect effect="powerstroke" is_visible="true" lpeversion="1.3" scale_width="2.0" interpolator_type="CubicBezierJohan" interpolator_beta="0.22" start_linecap_type="round" end_linecap_type="round" sort_points="true" not_jump="false" offset_points="0.000000,0.000000 | 2.355410,7.381736 | 5.387399,3.781977 | 8.000000,0.000000" id="path-effect8555"/>
    <inkscape:path-effect effect="powerstroke" is_visible="true" lpeversion="1.3" scale_width="2.0" interpolator_type="CubicBezierJohan" interpolator_beta="0.22" start_linecap_type="round" end_linecap_type="round" sort_points="true" not_jump="false" offset_points="0.000000,0.000000 | 1.333946,7.407407 | 2.888651,3.795130 | 4.000000,0.000000 | 4.000000,0.000000 | 5.196060,7.407407 | 6.715037,3.795130 | 8.000000,0.000000" id="path-effect5392"/>
    <inkscape:path-effect effect="powerstroke" is_visible="true" lpeversion="1.3" scale_width="2.0" interpolator_type="CubicBezierJohan" interpolator_beta="0.22" start_linecap_type="round" end_linecap_type="round" sort_points="true" not_jump="false" offset_points="0.000000,0.000000 | 0.863393,7.407407 | 2.107286,3.795130 | 3.000000,0.000000" id="path-effect9603"/>
  </defs>
  <sodipodi:namedview>
    <inkscape:page x="0" y="0" width="800" height="600" inkscape:label="Brushes"/>
  </sodipodi:namedview>
  <g inkscape:groupmode="layer" inkscape:label="Brushes">
    <g inkscape:groupmode="layer" inkscape:label="Layer 1" opacity="1" style="display:inline">
      <g inkscape:label="Rectangle" style="opacity:1;mix-blend-mode:normal;display:inline">
        <rect x="-136.68" y="-145.122" width="273.36" height="290.244" inkscape:label="Rectangle_fill" style="opacity:1;mix-blend-mode:normal;display:inline;stroke:none;stroke-opacity:1;stroke-width:19.355980333325054;stroke-linecap:butt;stroke-linejoin:round;stroke-dasharray:0;fill:#FDDF19;fill-opacity:1;fill-rule:nonzero" transform="matrix(0.979982 0 0 0.775208 593.274 161.483)"/>
        <rect x="-136.68" y="-145.122" width="273.36" height="290.244" inkscape:label="Rectangle_stroke" style="opacity:1;mix-blend-mode:normal;display:inline;stroke:none;stroke-opacity:1;stroke-width:19.355980333325054;stroke-linecap:butt;stroke-linejoin:round;stroke-dasharray:0;fill:#358CFF;fill-opacity:1;fill-rule:nonzero" transform="matrix(0.979982 0 0 0.775208 593.274 161.483)" inkscape:path-effect="#path-effect5815" inkscape:original-d="M -136.68 -145.122 h 273.36 v 290.244 h -273.36 z"/>
      </g>
      <g inkscape:label="RoundRectangle" style="opacity:1;mix-blend-mode:normal;display:inline">
        <rect x="-136.68" y="-145.122" width="273.36" height="290.244" rx="70.88906939586609" ry="89.61470847651776" inkscape:label="RoundRectangle_fill" style="opacity:1;mix-blend-mode:normal;display:inline;stroke:none;stroke-opacity:1;stroke-width:19.355980333325054;stroke-linecap:butt;stroke-linejoin:round;stroke-dasharray:0;fill:#FDDF19;fill-opacity:1;fill-rule:nonzero" transform="matrix(0.979982 0 0 0.775208 593.274 438.517)"/>
        <rect x="-136.68" y="-145.122" width="273.36" height="290.244" rx="70.88906939586609" ry="89.61470847651776" inkscape:label="RoundRectangle_stroke" style="opacity:1;mix-blend-mode:normal;display:inline;stroke:none;stroke-opacity:1;stroke-width:19.355980333325054;stroke-linecap:butt;stroke-linejoin:round;stroke-dasharray:0;fill:#358CFF;fill-opacity:1;fill-rule:nonzero" transform="matrix(0.979982 0 0 0.775208 593.274 438.517)" inkscape:path-effect="#path-effect8555" inkscape:original-d="M -65.7909 -145.122 L 65.7909 -145.122 A 70.8891 89.6147 0 0 1 136.68 -55.5073 L 136.68 55.5073 A 70.8891 89.6147 0 0 1 65.7909 145.122 L -65.7909 145.122 A 70.8891 89.6147 0 0 1 -136.68 55.5073 L -136.68 -55.5073 A 70.8891 89.6147 0 0 1 -65.7909 -145.122 z"/>
      </g>
      <g inkscape:label="Compound" style="opacity:1;mix-blend-mode:normal;display:inline">
        <path inkscape:label="Compound_fill" style="opacity:1;mix-blend-mode:normal;display:inline;stroke:none;stroke-opacity:1;stroke-width:19.4232950861631;stroke-linecap:butt;stroke-linejoin:round;stroke-dasharray:0;fill:#FDDF19;fill-opacity:1;fill-rule:nonzero" d="M 72.7814 338.531 L 72.7814 538.531 L 372.782 538.531 L 372.782 338.531 L 72.7814 338.531 Z M 222.781 388.531 C 250.396 388.531 272.781 410.917 272.781 438.531 C 272.781 466.145 250.396 488.531 222.781 488.531 C 195.167 488.531 172.781 466.145 172.781 438.531 C 172.781 410.917 195.167 388.531 222.781 388.531 Z"/>
        <path inkscape:label="Compound_stroke" style="opacity:1;mix-blend-mode:normal;display:inline;stroke:none;stroke-opacity:1;stroke-width:19.4232950861631;stroke-linecap:butt;stroke-linejoin:round;stroke-dasharray:0;fill:#358CFF;fill-opacity:1;fill-rule:nonzero" inkscape:path-effect="#path-effect5392" inkscape:original-d="M 72.7814 338.531 L 72.7814 538.531 L 372.782 538.531 L 372.782 338.531 L 72.7814 338.531 Z M 222.781 388.531 C 250.396 388.531 272.781 410.917 272.781 438.531 C 272.781 466.145 250.396 488.531 222.781 488.531 C 195.167 488.531 172.781 466.145 172.781 438.531 C 172.781 410.917 195.167 388.531 222.781 388.531 Z"/>
      </g>
      <path inkscape:label="Curve" style="opacity:1;mix-blend-mode:normal;display:inline;stroke:none;stroke-opacity:1;stroke-width:19.4232950861631;stroke-linecap:butt;stroke-linejoin:round;stroke-dasharray:0;fill:#358CFF;fill-opacity:1;fill-rule:nonzero" inkscape:path-effect="#path-effect9603" inkscape:original-d="M 102.858 255.31 L 178.078 113.145 L 265.478 215.728 L 342.705 67.6564"/>
    </g>
  </g>
</svg>
