<!-- Converted by extension-curve -->
<svg xmlns="http://www.w3.org/2000/svg" xmlns:svg="http://www.w3.org/2000/svg" xmlns:xlink="http://www.w3.org/1999/xlink" xmlns:sodipodi="http://sodipodi.sourceforge.net/DTD/sodipodi-0.dtd" xmlns:inkscape="http://www.inkscape.org/namespaces/inkscape" viewBox="0 0 800 600" width="800px" height="600px">
  <defs>
    <inkscape:path-effect effect="powerstroke" is_visible="true" lpeversion="1.3" scale_width="2.0" interpolator_type="CubicBezierSmooth" interpolator_beta="0.22" start_linecap_type="round" end_linecap_type="round" sort_points="true" not_jump="false" offset_points="1.424534,3.907812 | 0.946716,7.627344 | 0.000122,0.000000 | 1.999878,0.000000" id="path-effect5815"/>
  </defs>
  <sodipodi:namedview>
    <inkscape:page x="0" y="0" width="800" height="600" inkscape:label="VariousShapes"/>
  </sodipodi:namedview>
  <g inkscape:groupmode="layer" inkscape:label="VariousShapes">
    <g inkscape:groupmode="layer" inkscape:label="Layer 2" opacity="1" style="display:inline">
      <path inkscape:label="Miter" style="opacity:1;mix-blend-mode:normal;display:inline;stroke:#000000;stroke-opacity:1;stroke-width:4.980130608813146;stroke-linecap:butt;stroke-linejoin:miter;stroke-dasharray:0;fill:#3E67FF;fill-opacity:0.35953089594841003;fill-rule:nonzero" d="M 61.0132 207.072 L 97.1853 246.948 L 150.019 236.598 L 123.273 283.322 L 149.442 330.372 L 96.7397 319.373 L 60.0798 358.801 L 54.2544 305.279 L 5.42763 282.597 L 54.5297 260.518 L 61.0132 207.072 Z"/>
      <path inkscape:label="Bevel" style="opacity:1;mix-blend-mode:normal;display:inline;stroke:#000000;stroke-opacity:1;stroke-width:4.304881434260641;stroke-linecap:butt;stroke-linejoin:bevel;stroke-dasharray:0;fill:#3E67FF;fill-opacity:0.35953089594841003;fill-rule:nonzero" d="M 123.375 395.82 L 99.0135 435.472 L 120.362 476.825 L 75.1223 465.908 L 42.3907 498.99 L 38.7932 452.592 L -2.78431 431.685 L 40.2318 413.926 L 47.267 367.922 L 77.4499 403.345 L 123.375 395.82 Z"/>
      <path inkscape:label="Round" style="opacity:1;mix-blend-mode:normal;display:inline;stroke:#000000;stroke-opacity:1;stroke-width:7.0443891104558976;stroke-linecap:butt;stroke-linejoin:round;stroke-dasharray:0;fill:#3E67FF;fill-opacity:0.35953089594841003;fill-rule:nonzero" d="M 287.063 220.488 L 287.507 296.641 L 352.924 335.627 L 280.637 359.583 L 263.773 433.846 L 218.652 372.499 L 142.813 379.409 L 187.214 317.539 L 157.207 247.547 L 229.769 270.656 L 287.063 220.488 Z"/>
      <path inkscape:label="OpenPath" style="opacity:1;mix-blend-mode:normal;display:inline;stroke:#000000;stroke-opacity:1;stroke-width:7.0443891104558976;stroke-linecap:butt;stroke-linejoin:round;stroke-dasharray:0;fill:#3E67FF;fill-opacity:0.35953089594841003;fill-rule:nonzero" d="M 9.54016 52.4733 L 149.454 2.42621 L 188.854 112.574 L 48.9399 162.621"/>
      <path inkscape:label="Rectangle" style="opacity:1;mix-blend-mode:normal;display:inline;stroke:#000000;stroke-opacity:1;stroke-width:7.0443891104558976;stroke-linecap:butt;stroke-linejoin:round;stroke-dasharray:0;fill:#3E67FF;fill-opacity:0.35953089594841003;fill-rule:nonzero" d="M 92.946 90.5533 L 232.861 40.506 L 272.261 150.653 L 132.346 200.701 L 92.946 90.5533 Z"/>
      <path inkscape:label="(oval)" style="opacity:1;mix-blend-mode:normal;display:inline;stroke:#000000;stroke-opacity:1;stroke-width:9.52784707877879;stroke-linecap:butt;stroke-linejoin:round;stroke-dasharray:0;fill:#3E67FF;fill-opacity:0.35953089594841003;fill-rule:nonzero" d="M 350.136 187.273 C 383.268 164.27 440.025 188.686 476.906 241.808 C 513.786 294.93 516.824 356.641 483.691 379.644 C 450.558 402.647 393.801 378.231 356.921 325.109 C 320.041 271.987 317.003 210.276 350.136 187.273 Z"/>
      <path inkscape:label="Pentagon" style="opacity:1;mix-blend-mode:normal;display:inline;stroke:#000000;stroke-opacity:1;stroke-width:6.674910600625886;stroke-linecap:butt;stroke-linejoin:round;stroke-dasharray:0;fill:#3E67FF;fill-opacity:0.35953089594841003;fill-rule:nonzero" d="M 315.346 446.306 L 400.754 469.617 L 404.977 558.046 L 322.18 589.39 L 266.785 520.331 L 315.346 446.306 Z"/>
      <path inkscape:label="Cutout" style="opacity:1;mix-blend-mode:normal;display:inline;stroke:#000000;stroke-opacity:1;stroke-width:5;stroke-linecap:butt;stroke-linejoin:round;stroke-dasharray:0;fill:#3E67FF;fill-opacity:0.35953089594841003;fill-rule:nonzero" d="M 136.598 488.533 C 116.624 488.533 100.411 504.715 100.411 524.69 L 100.411 554.721 C 100.411 574.695 116.624 590.908 136.598 590.908 L 201.504 590.908 C 221.479 590.908 237.661 574.695 237.661 554.721 L 237.661 524.69 C 237.661 504.715 221.479 488.533 201.504 488.533 L 136.598 488.533 Z M 169.036 505.908 L 180.036 528.158 L 204.598 531.721 L 186.817 549.065 L 191.004 573.533 L 169.036 561.971 L 147.067 573.533 L 151.254 549.065 L 133.504 531.721 L 158.067 528.158 L 169.036 505.908 Z"/>
      <path inkscape:label="Marker" style="opacity:1;mix-blend-mode:normal;display:inline;stroke:#000000;stroke-opacity:1;stroke-width:10;stroke-linecap:butt;stroke-linejoin:round;stroke-dasharray:0;fill:none" d="M 528.237 153.215 L 731.877 4.59117"/>
      <path inkscape:label="Butt" style="opacity:1;mix-blend-mode:normal;display:inline;stroke:#000000;stroke-opacity:1;stroke-width:10;stroke-linecap:butt;stroke-linejoin:round;stroke-dasharray:0;fill:none" d="M 528.236 240.726 L 731.876 92.1024"/>
      <path inkscape:label="Round" style="opacity:1;mix-blend-mode:normal;display:inline;stroke:#000000;stroke-opacity:1;stroke-width:10;stroke-linecap:round;stroke-linejoin:round;stroke-dasharray:0;fill:none" d="M 528.237 328.238 L 731.877 179.615"/>
      <path inkscape:label="Square" style="opacity:1;mix-blend-mode:normal;display:inline;stroke:#000000;stroke-opacity:1;stroke-width:10;stroke-linecap:square;stroke-linejoin:round;stroke-dasharray:0;fill:none" d="M 528.236 415.75 L 731.877 267.127"/>
      <path inkscape:label="Curve" style="opacity:1;mix-blend-mode:normal;display:inline;stroke:#000000;stroke-opacity:1;stroke-width:10;stroke-linecap:butt;stroke-linejoin:round;stroke-dasharray:0;fill:none" d="M 522.425 491.366 C 522.425 491.366 571.934 416.381 620.535 408.691 C 675.672 399.968 702.819 453.247 702.819 453.247 L 766.364 336.733"/>
      <path inkscape:label="(spiral)" style="opacity:1;mix-blend-mode:normal;display:inline;stroke:#000000;stroke-opacity:1;stroke-width:10;stroke-linecap:butt;stroke-linejoin:round;stroke-dasharray:0;fill:none" d="M 367.437 88.1515 C 370.534 84.9211 375.116 82.8172 380.033 82.7137 C 384.95 82.6101 390.145 84.5362 394.045 88.2758 C 397.946 92.0154 400.486 97.5487 400.611 103.485 C 400.736 109.422 398.411 115.695 393.895 120.404 C 389.38 125.114 382.699 128.181 375.531 128.332 C 368.364 128.483 360.789 125.675 355.103 120.223 C 349.416 114.771 345.713 106.704 345.53 98.0495 C 345.348 89.395 348.738 80.2495 355.321 73.3833 C 361.904 66.5171 371.644 62.0456 382.094 61.8254 C 392.544 61.6053 403.587 65.6991 411.877 73.6474 C 420.168 81.5958 425.567 93.3565 425.832 105.974 C 426.098 118.592 421.155 131.925 411.558 141.935 C 401.961 151.945 387.761 158.464 372.526 158.785 C 357.291 159.106 341.193 153.138 329.106 141.55 C 317.019 129.962 309.148 112.816 308.761 94.421 C 308.373 76.0262 315.579 56.588 329.571 41.9944 C 343.562 27.4004 364.265 17.8968 386.475 17.4288 C 408.686 16.9607 432.156 25.6616 449.777 42.5556 C 467.398 59.4494 478.874 84.4462 479.439 111.264"/>
      <path inkscape:label="Brush" style="opacity:1;mix-blend-mode:normal;display:inline;stroke:none;stroke-opacity:1;stroke-width:20;stroke-linecap:butt;stroke-linejoin:round;stroke-dasharray:0;fill:#000000;fill-opacity:1;fill-rule:nonzero" inkscape:path-effect="#path-effect5815" inkscape:original-d="M 459.439 593.779 C 459.439 593.779 493.803 548.246 563.251 558.819 C 642.987 570.959 769.499 467.225 769.499 467.225"/>
    </g>
  </g>
</svg>
