<!-- Converted by extension-curve -->
<svg xmlns="http://www.w3.org/2000/svg" xmlns:svg="http://www.w3.org/2000/svg" xmlns:xlink="http://www.w3.org/1999/xlink" xmlns:sodipodi="http://sodipodi.sourceforge.net/DTD/sodipodi-0.dtd" xmlns:inkscape="http://www.inkscape.org/namespaces/inkscape" viewBox="0 0 800 600" width="800px" height="600px">
  <defs>
    <inkscape:path-effect effect="powerstroke" is_visible="true" lpeversion="1.3" scale_width="2.0" interpolator_type="CubicBezierJohan" interpolator_beta="0.22" start_linecap_type="round" end_linecap_type="round" sort_points="true" not_jump="false" offset_points="0.000000,0.000000 | 1.124560,7.233967 | 2.654012,3.706269 | 4.000000,0.000000" id="path-effect5815"/>
    <inkscape:path-effect effect="powerstroke" is_visible="true" lpeversion="1.3" scale_width="2.0" interpolator_type="CubicBezierJohan" interpolator_beta="0.22" start_linecap_type="round" end_linecap_type="round" sort_points="true" not_jump="false" offset_points="0.000000,0.000000 | 2.256142,7.233967 | 5.225068,3.706269 | 8.000000,0.000000" id="path-effect8555"/>
    <inkscape:path-effect effect="powerstroke" is_visible="true" lpeversion="1.3" scale_width="2.0" interpolator_type="CubicBezierJohan" interpolator_beta="0.22" start_linecap_type="round" end_linecap_type="round" sort_points="true" not_jump="false" offset_points="0.000000,0.000000 | 0.863392,7.407407 | 2.107289,3.795130 | 3.000000,0.000000" id="path-effect5392"/>
  </defs>
  <sodipodi:namedview>
    <inkscape:page x="0" y="0" width="800" height="600" inkscape:label="Brushes"/>
  </sodipodi:namedview>
  <g inkscape:groupmode="layer" inkscape:label="Brushes">
    <g inkscape:groupmode="layer" inkscape:label="Layer 1" opacity="1" style="display:inline">
      <g inkscape:label="(rectangle)" style="opacity:1;mix-blend-mode:normal;display:inline">
        <path inkscape:label="(rectangle)_fill" style="opacity:1;mix-blend-mode:normal;display:inline;stroke:none;stroke-opacity:1;stroke-width:18.96850904117674;stroke-linecap:butt;stroke-linejoin:round;stroke-dasharray:0;fill:#FDDF19;fill-opacity:1;fill-rule:nonzero" d="M 459.33 48.9828 L 727.218 48.9828 L 727.218 273.983 L 459.33 273.983 L 459.33 48.9828 Z"/>
        <path inkscape:label="(rectangle)_stroke" style="opacity:1;mix-blend-mode:normal;display:inline;stroke:none;stroke-opacity:1;stroke-width:18.96850904117674;stroke-linecap:butt;stroke-linejoin:round;stroke-dasharray:0;fill:#358CFF;fill-opacity:1;fill-rule:nonzero" inkscape:path-effect="#path-effect5815" inkscape:original-d="M 459.33 48.9828 L 727.218 48.9828 L 727.218 273.983 L 459.33 273.983 L 459.33 48.9828 Z"/>
      </g>
      <g inkscape:label="RoundRectangle" style="opacity:1;mix-blend-mode:normal;display:inline">
        <path inkscape:label="RoundRectangle_fill" style="opacity:1;mix-blend-mode:normal;display:inline;stroke:none;stroke-opacity:1;stroke-width:18.96850904117674;stroke-linecap:butt;stroke-linejoin:round;stroke-dasharray:0;fill:#FDDF19;fill-opacity:1;fill-rule:nonzero" d="M 528.8 326.017 L 657.748 326.017 C 696.115 326.017 727.218 357.12 727.218 395.487 L 727.218 481.547 C 727.218 519.914 696.115 551.017 657.748 551.017 L 528.8 551.017 C 490.433 551.017 459.33 519.914 459.33 481.547 L 459.33 395.487 C 459.33 357.12 490.433 326.017 528.8 326.017 Z"/>
        <path inkscape:label="RoundRectangle_stroke" style="opacity:1;mix-blend-mode:normal;display:inline;stroke:none;stroke-opacity:1;stroke-width:18.96850904117674;stroke-linecap:butt;stroke-linejoin:round;stroke-dasharray:0;fill:#358CFF;fill-opacity:1;fill-rule:nonzero" inkscape:path-effect="#path-effect8555" inkscape:original-d="M 528.8 326.017 L 657.748 326.017 C 696.115 326.017 727.218 357.12 727.218 395.487 L 727.218 481.547 C 727.218 519.914 696.115 551.017 657.748 551.017 L 528.8 551.017 C 490.433 551.017 459.33 519.914 459.33 481.547 L 459.33 395.487 C 459.33 357.12 490.433 326.017 528.8 326.017 Z"/>
      </g>
      <path inkscape:label="Compound" style="opacity:1;mix-blend-mode:normal;display:inline;stroke:#358CFF;stroke-opacity:1;stroke-width:25;stroke-linecap:butt;stroke-linejoin:round;stroke-dasharray:0;fill:#FDDF19;fill-opacity:1;fill-rule:nonzero" d="M 72.782 338.517 L 72.782 538.517 L 372.782 538.517 L 372.782 338.517 L 72.782 338.517 Z M 222.782 388.517 C 250.396 388.517 272.782 410.903 272.782 438.517 C 272.782 466.131 250.396 488.517 222.782 488.517 C 195.168 488.517 172.782 466.131 172.782 438.517 C 172.782 410.903 195.168 388.517 222.782 388.517 Z"/>
      <path inkscape:label="(curve)" style="opacity:1;mix-blend-mode:normal;display:inline;stroke:none;stroke-opacity:1;stroke-width:19.4232950861631;stroke-linecap:butt;stroke-linejoin:round;stroke-dasharray:0;fill:#358CFF;fill-opacity:1;fill-rule:nonzero" inkscape:path-effect="#path-effect5392" inkscape:original-d="M 102.858 255.31 L 178.079 113.145 L 265.478 215.728 L 342.706 67.656"/>
    </g>
  </g>
</svg>
