<!-- Converted by extension-curve -->
<svg xmlns="http://www.w3.org/2000/svg" xmlns:svg="http://www.w3.org/2000/svg" xmlns:xlink="http://www.w3.org/1999/xlink" xmlns:sodipodi="http://sodipodi.sourceforge.net/DTD/sodipodi-0.dtd" xmlns:inkscape="http://www.inkscape.org/namespaces/inkscape" viewBox="0 0 800 600" width="800px" height="600px">
  <defs>
    <inkscape:path-effect effect="fillet_chamfer" lpeversion="1" method="auto" flexible="false" is_visible="true" satellites_param="F,0,0,1,0,50,0,1 @ F,0,0,1,0,50,0,1 @ F,0,0,1,0,50,0,1 @ F,0,0,1,0,50,0,1 @ F,0,0,1,0,50,0,1" nodesatellites_param="F,0,0,1,0,50,0,1 @ F,0,0,1,0,50,0,1 @ F,0,0,1,0,50,0,1 @ F,0,0,1,0,50,0,1 @ F,0,0,1,0,50,0,1" id="path-effect5815"/>
    <inkscape:path-effect effect="fillet_chamfer" lpeversion="1" method="auto" flexible="false" is_visible="true" satellites_param="F,0,0,1,0,50,0,1 @ F,0,0,1,0,50,0,1 @ F,0,0,1,0,50,0,1 @ F,0,0,1,0,50,0,1 @ F,0,0,1,0,50,0,1" nodesatellites_param="F,0,0,1,0,50,0,1 @ F,0,0,1,0,50,0,1 @ F,0,0,1,0,50,0,1 @ F,0,0,1,0,50,0,1 @ F,0,0,1,0,50,0,1" id="path-effect8555"/>
    <inkscape:path-effect effect="fillet_chamfer" lpeversion="1" method="auto" flexible="false" is_visible="true" satellites_param="F,0,0,1,0,50,0,1 @ F,0,0,1,0,50,0,1 @ F,0,0,1,0,50,0,1 @ F,0,0,1,0,50,0,1 @ F,0,0,1,0,50,0,1" nodesatellites_param="F,0,0,1,0,50,0,1 @ F,0,0,1,0,50,0,1 @ F,0,0,1,0,50,0,1 @ F,0,0,1,0,50,0,1 @ F,0,0,1,0,50,0,1" id="path-effect5392"/>
    <inkscape:path-effect effect="fillet_chamfer" lpeversion="1" method="auto" flexible="false" is_visible="true" satellites_param="F,0,0,1,0,50,0,1 @ F,0,0,1,0,50,0,1 @ F,0,0,1,0,50,0,1 @ F,0,0,1,0,50,0,1 @ F,0,0,1,0,50,0,1" nodesatellites_param="F,0,0,1,0,50,0,1 @ F,0,0,1,0,50,0,1 @ F,0,0,1,0,50,0,1 @ F,0,0,1,0,50,0,1 @ F,0,0,1,0,50,0,1" id="path-effect9603"/>
    <inkscape:path-effect effect="fillet_chamfer" lpeversion="1" method="auto" flexible="false" is_visible="true" satellites_param="F,0,0,1,0,50,0,1 @ F,0,0,1,0,50,0,1 @ F,0,0,1,0,50,0,1 @ F,0,0,1,0,50,0,1 @ F,0,0,1,0,50,0,1" nodesatellites_param="F,0,0,1,0,50,0,1 @ F,0,0,1,0,50,0,1 @ F,0,0,1,0,50,0,1 @ F,0,0,1,0,50,0,1 @ F,0,0,1,0,50,0,1" id="path-effect4306"/>
    <inkscape:path-effect effect="fillet_chamfer" lpeversion="1" method="auto" flexible="false" is_visible="true" satellites_param="F,0,0,1,0,50,0,1 @ F,0,0,1,0,50,0,1 @ F,0,0,1,0,50,0,1 @ F,0,0,1,0,50,0,1 @ F,0,0,1,0,50,0,1" nodesatellites_param="F,0,0,1,0,50,0,1 @ F,0,0,1,0,50,0,1 @ F,0,0,1,0,50,0,1 @ F,0,0,1,0,50,0,1 @ F,0,0,1,0,50,0,1" id="path-effect7856"/>
    <inkscape:path-effect effect="fillet_chamfer" lpeversion="1" method="auto" flexible="false" is_visible="true" satellites_param="F,0,0,1,0,50,0,1 @ F,0,0,1,0,50,0,1 @ F,0,0,1,0,50,0,1 @ F,0,0,1,0,50,0,1 @ F,0,0,1,0,50,0,1" nodesatellites_param="F,0,0,1,0,50,0,1 @ F,0,0,1,0,50,0,1 @ F,0,0,1,0,50,0,1 @ F,0,0,1,0,50,0,1 @ F,0,0,1,0,50,0,1" id="path-effect5654"/>
    <inkscape:path-effect effect="fillet_chamfer" lpeversion="1" method="auto" flexible="false" is_visible="true" satellites_param="F,0,0,1,0,50,0,1 @ F,0,0,1,0,50,0,1 @ F,0,0,1,0,50,0,1 @ F,0,0,1,0,50,0,1 @ F,0,0,1,0,50,0,1" nodesatellites_param="F,0,0,1,0,50,0,1 @ F,0,0,1,0,50,0,1 @ F,0,0,1,0,50,0,1 @ F,0,0,1,0,50,0,1 @ F,0,0,1,0,50,0,1" id="path-effect6457"/>
    <inkscape:path-effect effect="fillet_chamfer" lpeversion="1" method="auto" flexible="false" is_visible="true" satellites_param="F,0,0,1,0,50,0,1 @ F,0,0,1,0,50,0,1 @ F,0,0,1,0,50,0,1 @ F,0,0,1,0,50,0,1 @ F,0,0,1,0,50,0,1" nodesatellites_param="F,0,0,1,0,50,0,1 @ F,0,0,1,0,50,0,1 @ F,0,0,1,0,50,0,1 @ F,0,0,1,0,50,0,1 @ F,0,0,1,0,50,0,1" id="path-effect2304"/>
    <inkscape:path-effect effect="fillet_chamfer" lpeversion="1" method="auto" flexible="false" is_visible="true" satellites_param="F,0,0,1,0,50,0,1 @ F,0,0,1,0,50,0,1 @ F,0,0,1,0,50,0,1 @ F,0,0,1,0,50,0,1 @ F,0,0,1,0,50,0,1" nodesatellites_param="F,0,0,1,0,50,0,1 @ F,0,0,1,0,50,0,1 @ F,0,0,1,0,50,0,1 @ F,0,0,1,0,50,0,1 @ F,0,0,1,0,50,0,1" id="path-effect5347"/>
    <inkscape:path-effect effect="fillet_chamfer" lpeversion="1" method="auto" flexible="false" is_visible="true" satellites_param="F,0,0,1,0,50,0,1 @ F,0,0,1,0,50,0,1 @ F,0,0,1,0,50,0,1 @ F,0,0,1,0,50,0,1 @ F,0,0,1,0,50,0,1" nodesatellites_param="F,0,0,1,0,50,0,1 @ F,0,0,1,0,50,0,1 @ F,0,0,1,0,50,0,1 @ F,0,0,1,0,50,0,1 @ F,0,0,1,0,50,0,1" id="path-effect266"/>
    <inkscape:path-effect effect="fillet_chamfer" lpeversion="1" method="auto" flexible="false" is_visible="true" satellites_param="F,0,0,1,0,50,0,1 @ F,0,0,1,0,50,0,1 @ F,0,0,1,0,50,0,1 @ F,0,0,1,0,50,0,1 @ F,0,0,1,0,50,0,1" nodesatellites_param="F,0,0,1,0,50,0,1 @ F,0,0,1,0,50,0,1 @ F,0,0,1,0,50,0,1 @ F,0,0,1,0,50,0,1 @ F,0,0,1,0,50,0,1" id="path-effect5447"/>
  </defs>
  <sodipodi:namedview>
    <inkscape:page x="0" y="0" width="800" height="600" inkscape:label="TestingBoard1"/>
  </sodipodi:namedview>
  <g inkscape:groupmode="layer" inkscape:label="TestingBoard1">
    <rect x="0" y="0" width="800" height="600" inkscape:label="background" sodipodi:insensitive="true" style="fill:#CDB174;fill-opacity:1;fill-rule:nonzero"/>
    <g inkscape:groupmode="layer" inkscape:label="Layer 1" opacity="1" style="display:inline">
      <path inkscape:label="Normal" style="opacity:1;mix-blend-mode:normal;display:inline;stroke:none;fill:#3E67FF;fill-opacity:1;fill-rule:nonzero" inkscape:path-effect="#path-effect5815" inkscape:original-d="M -0.0002198 -0.00018266 L 200 -0.00018266 L 200 200 L -0.0002198 200 L -0.0002198 -0.00018266 Z"/>
      <path inkscape:label="Darken" style="opacity:1;mix-blend-mode:darken;display:inline;stroke:none;fill:#3E67FF;fill-opacity:1;fill-rule:nonzero" inkscape:path-effect="#path-effect8555" inkscape:original-d="M 200 -0.00018266 L 400 -0.00018266 L 400 200 L 200 200 L 200 -0.00018266 Z"/>
      <path inkscape:label="Multiply" style="opacity:1;mix-blend-mode:multiply;display:inline;stroke:none;fill:#3E67FF;fill-opacity:1;fill-rule:nonzero" inkscape:path-effect="#path-effect5392" inkscape:original-d="M 400 -0.00018266 L 600 -0.00018266 L 600 200 L 400 200 L 400 -0.00018266 Z"/>
      <path inkscape:label="Lighten" style="opacity:1;mix-blend-mode:lighten;display:inline;stroke:none;fill:#3E67FF;fill-opacity:1;fill-rule:nonzero" inkscape:path-effect="#path-effect9603" inkscape:original-d="M 600 -0.00018266 L 800 -0.00018266 L 800 200 L 600 200 L 600 -0.00018266 Z"/>
      <path inkscape:label="Screen" style="opacity:1;mix-blend-mode:screen;display:inline;stroke:none;fill:#3E67FF;fill-opacity:1;fill-rule:nonzero" inkscape:path-effect="#path-effect4306" inkscape:original-d="M -0.0002198 200 L 200 200 L 200 400 L -0.0002198 400 L -0.0002198 200 Z"/>
      <path inkscape:label="Overlay" style="opacity:1;mix-blend-mode:overlay;display:inline;stroke:none;fill:#3E67FF;fill-opacity:1;fill-rule:nonzero" inkscape:path-effect="#path-effect7856" inkscape:original-d="M 200 200 L 400 200 L 400 400 L 200 400 L 200 200 Z"/>
      <path inkscape:label="Difference" style="opacity:1;mix-blend-mode:difference;display:inline;stroke:none;fill:#3E67FF;fill-opacity:1;fill-rule:nonzero" inkscape:path-effect="#path-effect5654" inkscape:original-d="M 400 200 L 600 200 L 600 400 L 400 400 L 400 200 Z"/>
      <path inkscape:label="Exclusion" style="opacity:1;mix-blend-mode:exclusion;display:inline;stroke:none;fill:#3E67FF;fill-opacity:1;fill-rule:nonzero" inkscape:path-effect="#path-effect6457" inkscape:original-d="M 600 200 L 800 200 L 800 400 L 600 400 L 600 200 Z"/>
      <path inkscape:label="Hue" style="opacity:1;mix-blend-mode:hue;display:inline;stroke:none;fill:#3E67FF;fill-opacity:1;fill-rule:nonzero" inkscape:path-effect="#path-effect2304" inkscape:original-d="M -0.0002198 400 L 200 400 L 200 600 L -0.0002198 600 L -0.0002198 400 Z"/>
      <path inkscape:label="Saturation" style="opacity:1;mix-blend-mode:saturation;display:inline;stroke:none;fill:#3E67FF;fill-opacity:1;fill-rule:nonzero" inkscape:path-effect="#path-effect5347" inkscape:original-d="M 200 400 L 400 400 L 400 600 L 200 600 L 200 400 Z"/>
      <path inkscape:label="Color" style="opacity:1;mix-blend-mode:color;display:inline;stroke:none;fill:#3E67FF;fill-opacity:1;fill-rule:nonzero" inkscape:path-effect="#path-effect266" inkscape:original-d="M 400 400 L 600 400 L 600 600 L 400 600 L 400 400 Z"/>
      <path inkscape:label="Luminosity" style="opacity:1;mix-blend-mode:luminosity;display:inline;stroke:none;fill:#3E67FF;fill-opacity:1;fill-rule:nonzero" inkscape:path-effect="#path-effect5447" inkscape:original-d="M 600 400 L 800 400 L 800 600 L 600 600 L 600 400 Z"/>
    </g>
  </g>
</svg>
