<!-- Converted by extension-curve -->
<svg xmlns="http://www.w3.org/2000/svg" xmlns:svg="http://www.w3.org/2000/svg" xmlns:xlink="http://www.w3.org/1999/xlink" xmlns:sodipodi="http://sodipodi.sourceforge.net/DTD/sodipodi-0.dtd" xmlns:inkscape="http://www.inkscape.org/namespaces/inkscape" viewBox="0 0 800 600" width="800px" height="600px">
  <sodipodi:namedview>
    <inkscape:page x="0" y="0" width="800" height="600" inkscape:label="TestingBoard1"/>
  </sodipodi:namedview>
  <g inkscape:groupmode="layer" inkscape:label="TestingBoard1">
    <rect x="0" y="0" width="800" height="600" inkscape:label="background" sodipodi:insensitive="true" style="fill:#CDB174;fill-opacity:1;fill-rule:nonzero"/>
    <g inkscape:groupmode="layer" inkscape:label="Layer 1" opacity="1" style="display:inline">
      <path inkscape:label="Normal" style="opacity:1;mix-blend-mode:normal;display:inline;stroke:none;fill:#3E67FF;fill-opacity:1;fill-rule:nonzero" d="M 49.9998 -0.000202949 L 150 -0.000202949 C 177.614 -0.000202949 200 22.3856 200 50 L 200 150 C 200 177.614 177.614 200 150 200 L 49.9998 200 C 22.3855 200 -0.000341493 177.614 -0.000341493 150 L -0.000341493 50 C -0.000341493 22.3856 22.3855 -0.000202949 49.9998 -0.000202949 Z"/>
      <path inkscape:label="Darken" style="opacity:1;mix-blend-mode:darken;display:inline;stroke:none;fill:#3E67FF;fill-opacity:1;fill-rule:nonzero" d="M 250 -0.000202949 L 350 -0.000202949 C 377.614 -0.000202949 400 22.3856 400 50 L 400 150 C 400 177.614 377.614 200 350 200 L 250 200 C 222.386 200 200 177.614 200 150 L 200 50 C 200 22.3856 222.386 -0.000202949 250 -0.000202949 Z"/>
      <path inkscape:label="Multiply" style="opacity:1;mix-blend-mode:multiply;display:inline;stroke:none;fill:#3E67FF;fill-opacity:1;fill-rule:nonzero" d="M 450 -0.000202949 L 550.001 -0.000202949 C 577.615 -0.000202949 600.001 22.3856 600.001 50 L 600.001 150 C 600.001 177.614 577.615 200 550.001 200 L 450 200 C 422.386 200 400 177.614 400 150 L 400 50 C 400 22.3856 422.386 -0.000202949 450 -0.000202949 Z"/>
      <path inkscape:label="Lighten" style="opacity:1;mix-blend-mode:lighten;display:inline;stroke:none;fill:#3E67FF;fill-opacity:1;fill-rule:nonzero" d="M 650 -0.000202949 L 750 -0.000202949 C 777.614 -0.000202949 800 22.3856 800 50 L 800 150 C 800 177.614 777.614 200 750 200 L 650 200 C 622.386 200 600 177.614 600 150 L 600 50 C 600 22.3856 622.386 -0.000202949 650 -0.000202949 Z"/>
      <path inkscape:label="Screen" style="opacity:1;mix-blend-mode:screen;display:inline;stroke:none;fill:#3E67FF;fill-opacity:1;fill-rule:nonzero" d="M 49.9998 199.999 L 150 199.999 C 177.614 199.999 200 222.385 200 250 L 200 350 C 200 377.614 177.614 400 150 400 L 49.9998 400 C 22.3855 400 -0.000341493 377.614 -0.000341493 350 L -0.000341493 250 C -0.000341493 222.385 22.3855 199.999 49.9998 199.999 Z"/>
      <path inkscape:label="Overlay" style="opacity:1;mix-blend-mode:overlay;display:inline;stroke:none;fill:#3E67FF;fill-opacity:1;fill-rule:nonzero" d="M 250 199.999 L 350 199.999 C 377.614 199.999 400 222.385 400 250 L 400 350 C 400 377.614 377.614 400 350 400 L 250 400 C 222.386 400 200 377.614 200 350 L 200 250 C 200 222.385 222.386 199.999 250 199.999 Z"/>
      <path inkscape:label="Difference" style="opacity:1;mix-blend-mode:difference;display:inline;stroke:none;fill:#3E67FF;fill-opacity:1;fill-rule:nonzero" d="M 450 199.999 L 550.001 199.999 C 577.615 199.999 600.001 222.385 600.001 250 L 600.001 350 C 600.001 377.614 577.615 400 550.001 400 L 450 400 C 422.386 400 400 377.614 400 350 L 400 250 C 400 222.385 422.386 199.999 450 199.999 Z"/>
      <path inkscape:label="Exclusion" style="opacity:1;mix-blend-mode:exclusion;display:inline;stroke:none;fill:#3E67FF;fill-opacity:1;fill-rule:nonzero" d="M 650 199.999 L 750 199.999 C 777.614 199.999 800 222.385 800 250 L 800 350 C 800 377.614 777.614 400 750 400 L 650 400 C 622.386 400 600 377.614 600 350 L 600 250 C 600 222.385 622.386 199.999 650 199.999 Z"/>
      <path inkscape:label="Hue" style="opacity:1;mix-blend-mode:hue;display:inline;stroke:none;fill:#3E67FF;fill-opacity:1;fill-rule:nonzero" d="M 49.9998 400.001 L 150 400.001 C 177.614 400.001 200 422.387 200 450.001 L 200 550.001 C 200 577.615 177.614 600.001 150 600.001 L 49.9998 600.001 C 22.3855 600.001 -0.000341493 577.615 -0.000341493 550.001 L -0.000341493 450.001 C -0.000341493 422.387 22.3855 400.001 49.9998 400.001 Z"/>
      <path inkscape:label="Saturation" style="opacity:1;mix-blend-mode:saturation;display:inline;stroke:none;fill:#3E67FF;fill-opacity:1;fill-rule:nonzero" d="M 250 400.001 L 350 400.001 C 377.614 400.001 400 422.387 400 450.001 L 400 550.001 C 400 577.615 377.614 600.001 350 600.001 L 250 600.001 C 222.386 600.001 200 577.615 200 550.001 L 200 450.001 C 200 422.387 222.386 400.001 250 400.001 Z"/>
      <path inkscape:label="Color" style="opacity:1;mix-blend-mode:color;display:inline;stroke:none;fill:#3E67FF;fill-opacity:1;fill-rule:nonzero" d="M 450 400.001 L 550.001 400.001 C 577.615 400.001 600.001 422.387 600.001 450.001 L 600.001 550.001 C 600.001 577.615 577.615 600.001 550.001 600.001 L 450 600.001 C 422.386 600.001 400 577.615 400 550.001 L 400 450.001 C 400 422.387 422.386 400.001 450 400.001 Z"/>
      <path inkscape:label="Luminosity" style="opacity:1;mix-blend-mode:luminosity;display:inline;stroke:none;fill:#3E67FF;fill-opacity:1;fill-rule:nonzero" d="M 650 400.001 L 750 400.001 C 777.614 400.001 800 422.387 800 450.001 L 800 550.001 C 800 577.615 777.614 600.001 750 600.001 L 650 600.001 C 622.386 600.001 600 577.615 600 550.001 L 600 450.001 C 600 422.387 622.386 400.001 650 400.001 Z"/>
    </g>
  </g>
</svg>
