<!-- Converted by extension-curve -->
<svg xmlns="http://www.w3.org/2000/svg" xmlns:svg="http://www.w3.org/2000/svg" xmlns:xlink="http://www.w3.org/1999/xlink" xmlns:sodipodi="http://sodipodi.sourceforge.net/DTD/sodipodi-0.dtd" xmlns:inkscape="http://www.inkscape.org/namespaces/inkscape" viewBox="0 0 800 600" width="800px" height="600px">
  <defs>
    <linearGradient x1="151.72002073266617" y1="116.8650696469889" x2="331.38701711468536" y2="340.6256023058953" gradientUnits="userSpaceOnUse" gradientTransform="translate(-279.921, -232.328)" id="linearGradient5815">
      <stop offset="0" style="stop-color:#FF0000;stop-opacity:1"/>
      <stop offset="0.26272371364653246" style="stop-color:#FFEC00;stop-opacity:1"/>
      <stop offset="0.5978048098434005" style="stop-color:#30FF00;stop-opacity:1"/>
      <stop offset="0.7651006711409396" style="stop-color:#00FFFE;stop-opacity:1"/>
      <stop offset="0.9798657718120806" style="stop-color:#8146FF;stop-opacity:1"/>
    </linearGradient>
    <radialGradient cx="203.07236358973785" cy="295.08648582101785" r="169.3364136092624" gradientUnits="userSpaceOnUse" gradientTransform="translate(-279.921, -232.328)" id="radialGradient8555">
      <stop offset="0" style="stop-color:#FF0000;stop-opacity:1"/>
      <stop offset="0.26272371364653246" style="stop-color:#FFEC00;stop-opacity:1"/>
      <stop offset="0.5978048098434005" style="stop-color:#30FF00;stop-opacity:1"/>
      <stop offset="0.7651006711409396" style="stop-color:#00FFFE;stop-opacity:1"/>
      <stop offset="0.9798657718120806" style="stop-color:#8146FF;stop-opacity:1"/>
    </radialGradient>
  </defs>
  <sodipodi:namedview>
    <inkscape:page x="0" y="0" width="800" height="600" inkscape:label="Gradient"/>
  </sodipodi:namedview>
  <g inkscape:groupmode="layer" inkscape:label="Gradient">
    <g inkscape:groupmode="layer" inkscape:label="Layer 1" opacity="1" style="display:inline">
      <rect x="-154.98065880590002" y="-107.186969022" width="309.9603225099" height="214.37357125199995" transform="matrix(1.29049 0 0 0.93295 274.104 171.429)" inkscape:label="Linear" style="opacity:1;mix-blend-mode:normal;display:inline;stroke:none;fill:url(#linearGradient5815);fill-rule:nonzero"/>
      <rect x="-154.9804426" y="-107.18663271999998" width="309.96039999999994" height="214.37400000000002" transform="matrix(1.29049 0 0 0.93295 497.4 421.544)" inkscape:label="Radial" style="opacity:1;mix-blend-mode:normal;display:inline;stroke:none;fill:url(#radialGradient8555);fill-rule:nonzero"/>
    </g>
  </g>
</svg>
