<!-- Converted by extension-curve --><svg xmlns="http://www.w3.org/2000/svg" xmlns:svg="http://www.w3.org/2000/svg" xmlns:xlink="http://www.w3.org/1999/xlink" xmlns:sodipodi="http://sodipodi.sourceforge.net/DTD/sodipodi-0.dtd" xmlns:inkscape="http://www.inkscape.org/namespaces/inkscape" viewBox="0 0 800 600" width="800" height="600">
    <defs><filter color-interpolation-filters="sRGB" id="filter5815"><feGaussianBlur stdDeviation="3.489042599995931" result="blur"/></filter></defs><sodipodi:namedview><inkscape:page x="0" y="0" width="800" height="600" inkscape:label="Texts"/></sodipodi:namedview><g inkscape:groupmode="layer" inkscape:label="Texts"><g inkscape:groupmode="layer" inkscape:label="Layer 1" opacity="1" style="display:inline"><text inkscape:label="Sizes" style="opacity:1;mix-blend-mode:normal;display:inline" transform="translate(8.25406, 14.9428)"><tspan sodipodi:role="line" x="0" y="0px"><tspan style="font-size:8px;letter-spacing:0px;font-family:&quot;Helvetica&quot;;font-weight:bold;font-style:normal;fill:#000000;fill-opacity:1;fill-rule:nonzero">8pt </tspan><tspan style="font-size:9px;letter-spacing:0px;font-family:&quot;Helvetica&quot;;font-weight:bold;font-style:normal;fill:#000000;fill-opacity:1;fill-rule:nonzero">9pt</tspan><tspan style="font-size:8px;letter-spacing:0px;font-family:&quot;Helvetica&quot;;font-weight:bold;font-style:normal;fill:#000000;fill-opacity:1;fill-rule:nonzero"> </tspan><tspan style="font-size:10px;letter-spacing:0px;font-family:&quot;Helvetica&quot;;font-weight:bold;font-style:normal;fill:#000000;fill-opacity:1;fill-rule:nonzero">10pt</tspan><tspan style="font-size:8px;letter-spacing:0px;font-family:&quot;Helvetica&quot;;font-weight:bold;font-style:normal;fill:#000000;fill-opacity:1;fill-rule:nonzero"> </tspan><tspan style="font-size:11px;letter-spacing:0px;font-family:&quot;Helvetica&quot;;font-weight:bold;font-style:normal;fill:#000000;fill-opacity:1;fill-rule:nonzero">11pt</tspan><tspan style="font-size:8px;letter-spacing:0px;font-family:&quot;Helvetica&quot;;font-weight:bold;font-style:normal;fill:#000000;fill-opacity:1;fill-rule:nonzero"> </tspan><tspan style="font-size:12px;letter-spacing:0px;font-family:&quot;Helvetica&quot;;font-weight:bold;font-style:normal;fill:#000000;fill-opacity:1;fill-rule:nonzero">12pt</tspan><tspan style="font-size:8px;letter-spacing:0px;font-family:&quot;Helvetica&quot;;font-weight:bold;font-style:normal;fill:#000000;fill-opacity:1;fill-rule:nonzero"> </tspan><tspan style="font-size:14px;letter-spacing:0px;font-family:&quot;Helvetica&quot;;font-weight:bold;font-style:normal;fill:#000000;fill-opacity:1;fill-rule:nonzero">14pt</tspan><tspan style="font-size:8px;letter-spacing:0px;font-family:&quot;Helvetica&quot;;font-weight:bold;font-style:normal;fill:#000000;fill-opacity:1;fill-rule:nonzero"> </tspan><tspan style="font-size:16px;letter-spacing:0px;font-family:&quot;Helvetica&quot;;font-weight:bold;font-style:normal;fill:#000000;fill-opacity:1;fill-rule:nonzero">16pt</tspan><tspan style="font-size:8px;letter-spacing:0px;font-family:&quot;Helvetica&quot;;font-weight:bold;font-style:normal;fill:#000000;fill-opacity:1;fill-rule:nonzero"> </tspan><tspan style="font-size:18px;letter-spacing:0px;font-family:&quot;Helvetica&quot;;font-weight:bold;font-style:normal;fill:#000000;fill-opacity:1;fill-rule:nonzero">18pt</tspan><tspan style="font-size:8px;letter-spacing:0px;font-family:&quot;Helvetica&quot;;font-weight:bold;font-style:normal;fill:#000000;fill-opacity:1;fill-rule:nonzero"> </tspan><tspan style="font-size:21px;letter-spacing:0px;font-family:&quot;Helvetica&quot;;font-weight:bold;font-style:normal;fill:#000000;fill-opacity:1;fill-rule:nonzero">21pt</tspan></tspan></text><text inkscape:label="Styles" style="opacity:1;mix-blend-mode:normal;display:inline" transform="translate(5.64894, 46.9876)"><tspan sodipodi:role="line" x="0" y="0px"><tspan style="font-size:18px;letter-spacing:0px;font-family:&quot;Helvetica&quot;;font-weight:normal;font-style:normal;fill:#000000;fill-opacity:1;fill-rule:nonzero">Normal</tspan><tspan style="font-size:18px;letter-spacing:0px;font-family:&quot;Helvetica&quot;;font-weight:bold;font-style:normal;fill:#000000;fill-opacity:1;fill-rule:nonzero"> Bold </tspan><tspan style="font-size:18px;letter-spacing:0px;font-family:&quot;Helvetica&quot;;font-weight:normal;font-style:oblique;fill:#000000;fill-opacity:1;fill-rule:nonzero">Italic</tspan><tspan style="font-size:18px;letter-spacing:0px;font-family:&quot;Helvetica&quot;;font-weight:bold;font-style:normal;fill:#000000;fill-opacity:1;fill-rule:nonzero"> </tspan><tspan style="font-size:18px;letter-spacing:0px;font-family:&quot;Helvetica&quot;;font-weight:normal;font-style:normal;fill:#000000;fill-opacity:1;fill-rule:nonzero">Underline</tspan><tspan style="font-size:18px;letter-spacing:0px;font-family:&quot;Helvetica&quot;;font-weight:bold;font-style:normal;fill:#000000;fill-opacity:1;fill-rule:nonzero"> </tspan><tspan style="font-size:18px;letter-spacing:0px;font-family:&quot;Helvetica&quot;;font-weight:normal;font-style:normal;fill:#000000;fill-opacity:1;fill-rule:nonzero">Strikethrough</tspan><tspan style="font-size:18px;letter-spacing:0px;font-family:&quot;Helvetica&quot;;font-weight:normal;font-style:normal;fill:#000000;fill-opacity:1;fill-rule:nonzero">  </tspan><tspan style="font-size:18px;letter-spacing:0px;font-family:&quot;Helvetica&quot;;font-weight:bold;font-style:oblique;fill:#000000;fill-opacity:1;fill-rule:nonzero">Underline&amp;Strike</tspan></tspan></text><text inkscape:label="Kerning" style="opacity:1;mix-blend-mode:normal;display:inline" transform="translate(6.06547, 75.5536)"><tspan sodipodi:role="line" x="0" y="0px"><tspan style="font-size:18px;letter-spacing:10px;font-family:&quot;Helvetica&quot;;font-weight:bold;font-style:normal;fill:#000000;fill-opacity:1;fill-rule:nonzero">Kerning10pt</tspan></tspan></text><text inkscape:label="Tracking" style="opacity:1;mix-blend-mode:normal;display:inline" transform="translate(233.598, 77.1075)"><tspan sodipodi:role="line" x="0" y="0px"><tspan style="font-size:18px;letter-spacing:18px;font-family:&quot;Helvetica&quot;;font-weight:bold;font-style:normal;fill:#000000;fill-opacity:1;fill-rule:nonzero">Tracking18</tspan></tspan></text><text inkscape:label="AlignLeft" style="opacity:1;mix-blend-mode:normal;display:inline" transform="translate(8.14258, 105.709)"><tspan sodipodi:role="line" x="0" y="0px"><tspan style="font-size:18px;letter-spacing:0px;font-family:&quot;Helvetica&quot;;font-weight:normal;font-style:normal;fill:#000000;fill-opacity:1;fill-rule:nonzero">Testing</tspan></tspan><tspan sodipodi:role="line" x="0" y="18.0px"><tspan style="font-size:18px;letter-spacing:0px;font-family:&quot;Helvetica&quot;;font-weight:normal;font-style:normal;fill:#000000;fill-opacity:1;fill-rule:nonzero">Multiple</tspan></tspan><tspan sodipodi:role="line" x="0" y="36.0px"><tspan style="font-size:18px;letter-spacing:0px;font-family:&quot;Helvetica&quot;;font-weight:normal;font-style:normal;fill:#000000;fill-opacity:1;fill-rule:nonzero">Lines</tspan></tspan></text><text inkscape:label="AlignCenter" style="opacity:1;mix-blend-mode:normal;display:inline" transform="translate(96.0812, 105.709)"><tspan sodipodi:role="line" x="0" y="0px"><tspan style="font-size:18px;letter-spacing:0px;font-family:&quot;Helvetica&quot;;font-weight:normal;font-style:normal;fill:#000000;fill-opacity:1;fill-rule:nonzero">Testing</tspan></tspan><tspan sodipodi:role="line" x="0" y="18.0px"><tspan style="font-size:18px;letter-spacing:0px;font-family:&quot;Helvetica&quot;;font-weight:normal;font-style:normal;fill:#000000;fill-opacity:1;fill-rule:nonzero">Multiple</tspan></tspan><tspan sodipodi:role="line" x="0" y="36.0px"><tspan style="font-size:18px;letter-spacing:0px;font-family:&quot;Helvetica&quot;;font-weight:normal;font-style:normal;fill:#000000;fill-opacity:1;fill-rule:nonzero">Lines</tspan></tspan></text><text inkscape:label="AlignRight" style="opacity:1;mix-blend-mode:normal;display:inline" transform="translate(184.02, 105.709)"><tspan sodipodi:role="line" x="0" y="0px"><tspan style="font-size:18px;letter-spacing:0px;font-family:&quot;Helvetica&quot;;font-weight:normal;font-style:normal;fill:#000000;fill-opacity:1;fill-rule:nonzero">Testing</tspan></tspan><tspan sodipodi:role="line" x="0" y="18.0px"><tspan style="font-size:18px;letter-spacing:0px;font-family:&quot;Helvetica&quot;;font-weight:normal;font-style:normal;fill:#000000;fill-opacity:1;fill-rule:nonzero">Multiple</tspan></tspan><tspan sodipodi:role="line" x="0" y="36.0px"><tspan style="font-size:18px;letter-spacing:0px;font-family:&quot;Helvetica&quot;;font-weight:normal;font-style:normal;fill:#000000;fill-opacity:1;fill-rule:nonzero">Lines</tspan></tspan></text><text inkscape:label="Justify" style="opacity:1;mix-blend-mode:normal;display:inline" transform="translate(271.958, 105.709)"><tspan sodipodi:role="line" x="0" y="0px"><tspan style="font-size:18px;letter-spacing:0px;font-family:&quot;Helvetica&quot;;font-weight:normal;font-style:normal;fill:#000000;fill-opacity:1;fill-rule:nonzero">Testing</tspan></tspan><tspan sodipodi:role="line" x="0" y="18.0px"><tspan style="font-size:18px;letter-spacing:0px;font-family:&quot;Helvetica&quot;;font-weight:normal;font-style:normal;fill:#000000;fill-opacity:1;fill-rule:nonzero">Multiple</tspan></tspan><tspan sodipodi:role="line" x="0" y="36.0px"><tspan style="font-size:18px;letter-spacing:0px;font-family:&quot;Helvetica&quot;;font-weight:normal;font-style:normal;fill:#000000;fill-opacity:1;fill-rule:nonzero">Lines</tspan></tspan></text><text inkscape:label="LineHeight" style="opacity:1;mix-blend-mode:normal;display:inline" transform="translate(359.897, 85.7094)"><tspan sodipodi:role="line" x="0" y="0px"><tspan style="font-size:18px;letter-spacing:0px;font-family:&quot;Helvetica&quot;;font-weight:normal;font-style:normal;fill:#000000;fill-opacity:1;fill-rule:nonzero">Line</tspan></tspan><tspan sodipodi:role="line" x="0" y="18.0px"><tspan style="font-size:18px;letter-spacing:0px;font-family:&quot;Helvetica&quot;;font-weight:normal;font-style:normal;fill:#000000;fill-opacity:1;fill-rule:nonzero">Height: 20pt</tspan></tspan></text><text inkscape:label="LinearGradient" style="opacity:1;mix-blend-mode:normal;display:inline" transform="translate(9.17614, 179.747)"><tspan sodipodi:role="line" x="0" y="0px"><tspan style="font-size:40px;letter-spacing:0px;font-family:&quot;Helvetica&quot;;font-weight:bold;font-style:normal;fill:none">LinearGradient</tspan></tspan></text><text inkscape:label="RadialGradient" style="opacity:1;mix-blend-mode:normal;display:inline" transform="translate(316.881, 183.244)"><tspan sodipodi:role="line" x="0" y="0px"><tspan style="font-size:40px;letter-spacing:0px;font-family:&quot;Helvetica&quot;;font-weight:bold;font-style:normal;fill:none">RadialGradient</tspan></tspan></text><text inkscape:label="Stroke" style="opacity:1;mix-blend-mode:normal;display:inline" transform="translate(14.822, 235.352)"><tspan sodipodi:role="line" x="0" y="0px"><tspan style="font-size:40px;letter-spacing:0px;font-family:&quot;Helvetica&quot;;font-weight:bold;font-style:normal;fill:none">Stroke</tspan></tspan></text><text inkscape:label="Blurred" style="opacity:1;mix-blend-mode:normal;display:inline;filter:url(#filter5815)" transform="translate(161.928, 237.929)"><tspan sodipodi:role="line" x="0" y="0px"><tspan style="font-size:40px;letter-spacing:0px;font-family:&quot;Helvetica&quot;;font-weight:bold;font-style:normal;fill:#FF0000;fill-opacity:1;fill-rule:nonzero">Blurred</tspan></tspan></text><text inkscape:label="Shadow" style="opacity:1;mix-blend-mode:normal;display:inline" transform="translate(327.955, 237.11)"><tspan sodipodi:role="line" x="0" y="0px"><tspan style="font-size:40px;letter-spacing:0px;font-family:&quot;Helvetica&quot;;font-weight:bold;font-style:normal;fill:#FFFFFF;fill-opacity:1;fill-rule:nonzero">Shadow</tspan></tspan></text><text inkscape:label="Curve" style="opacity:1;mix-blend-mode:normal;display:inline" transform="translate(269.821, 370.437)"><tspan sodipodi:role="line" x="0" y="0px"><tspan style="font-size:40px;letter-spacing:0px;font-family:&quot;Helvetica&quot;;font-weight:bold;font-style:normal;fill:#000000;fill-opacity:1;fill-rule:nonzero">Text on a path</tspan></tspan></text><text inkscape:label="Autowidth" style="opacity:1;mix-blend-mode:normal;display:inline" transform="translate(9.59686, 433.836)"><tspan sodipodi:role="line" x="0" y="0px"><tspan style="font-size:18px;letter-spacing:0px;font-family:&quot;Helvetica&quot;;font-weight:normal;font-style:normal;fill:#000000;fill-opacity:1;fill-rule:nonzero">Testing</tspan></tspan><tspan sodipodi:role="line" x="0" y="18.0px"><tspan style="font-size:18px;letter-spacing:0px;font-family:&quot;Helvetica&quot;;font-weight:normal;font-style:normal;fill:#000000;fill-opacity:1;fill-rule:nonzero">Autowidthwidthwidth</tspan></tspan></text><text inkscape:label="Autoheight" style="opacity:1;mix-blend-mode:normal;display:inline" transform="translate(188.661, 433.836)"><tspan sodipodi:role="line" x="0" y="0px"><tspan style="font-size:18px;letter-spacing:0px;font-family:&quot;Helvetica&quot;;font-weight:normal;font-style:normal;fill:#000000;fill-opacity:1;fill-rule:nonzero">Testing</tspan></tspan><tspan sodipodi:role="line" x="0" y="18.0px"><tspan style="font-size:18px;letter-spacing:0px;font-family:&quot;Helvetica&quot;;font-weight:normal;font-style:normal;fill:#000000;fill-opacity:1;fill-rule:nonzero">Autoheightheightheightheight</tspan></tspan></text><text inkscape:label="Fixedsize" style="opacity:1;mix-blend-mode:normal;display:inline" transform="translate(311.005, 433.836)"><tspan sodipodi:role="line" x="0" y="0px"><tspan style="font-size:18px;letter-spacing:0px;font-family:&quot;Helvetica&quot;;font-weight:normal;font-style:normal;fill:#000000;fill-opacity:1;fill-rule:nonzero">Testing</tspan></tspan><tspan sodipodi:role="line" x="0" y="18.0px"><tspan style="font-size:18px;letter-spacing:0px;font-family:&quot;Helvetica&quot;;font-weight:normal;font-style:normal;fill:#000000;fill-opacity:1;fill-rule:nonzero">Fixedsizesizesizesizesize</tspan></tspan></text></g></g></svg>