<!-- Converted by extension-curve -->
<svg xmlns="http://www.w3.org/2000/svg" xmlns:svg="http://www.w3.org/2000/svg" xmlns:xlink="http://www.w3.org/1999/xlink" xmlns:sodipodi="http://sodipodi.sourceforge.net/DTD/sodipodi-0.dtd" xmlns:inkscape="http://www.inkscape.org/namespaces/inkscape" viewBox="0 0 800 600" width="800px" height="600px">
  <defs>
    <filter color-interpolation-filters="sRGB" id="filter5815">
      <feGaussianBlur stdDeviation="33.333333333333336" result="blur"/>
    </filter>
    <filter color-interpolation-filters="sRGB" id="filter8555">
      <feGaussianBlur stdDeviation="33.333333333333336" result="blur"/>
    </filter>
    <filter color-interpolation-filters="sRGB" id="filter5392">
      <feGaussianBlur stdDeviation="6.666666666666667" result="blur"/>
    </filter>
  </defs>
  <sodipodi:namedview>
    <inkscape:page x="0" y="0" width="800" height="600" inkscape:label="TestingBoard1"/>
  </sodipodi:namedview>
  <g inkscape:groupmode="layer" inkscape:label="TestingBoard1">
    <g inkscape:groupmode="layer" inkscape:label="Layer 1" opacity="1" style="display:inline">
      <rect x="-92.3115327806" y="-65.0320007228" width="184.62306153260002" height="130.06371329080002" transform="matrix(2.16657 0 0 2.30656 271.944 247.708)" rx="46.155846238406404" ry="43.354580378664814" inkscape:label="Blur100" style="opacity:1;mix-blend-mode:normal;display:inline;filter:url(#filter8555);stroke:none;fill:#3E67FF;fill-opacity:1;fill-rule:nonzero"/>
      <path inkscape:label="Blur20" style="opacity:1;mix-blend-mode:normal;display:inline;filter:url(#filter5392);stroke:#00FF92;stroke-opacity:1;stroke-width:17.1;stroke-linecap:butt;stroke-linejoin:round;stroke-dasharray:0;fill:#FFCB00;fill-opacity:1;fill-rule:nonzero" d="M 491.303 67.4504 L 579.575 246.309 L 776.957 274.991 L 634.13 414.213 L 667.847 610.798 L 491.303 517.983 L 314.758 610.798 L 348.475 414.213 L 205.648 274.991 L 403.03 246.309 L 491.303 67.4504 Z"/>
    </g>
  </g>
</svg>
