<!-- Converted by extension-curve -->
<svg xmlns="http://www.w3.org/2000/svg" xmlns:svg="http://www.w3.org/2000/svg" xmlns:xlink="http://www.w3.org/1999/xlink" xmlns:sodipodi="http://sodipodi.sourceforge.net/DTD/sodipodi-0.dtd" xmlns:inkscape="http://www.inkscape.org/namespaces/inkscape" viewBox="0 0 800 600" width="800px" height="600px">
  <defs>
    <inkscape:path-effect effect="powerstroke" is_visible="true" lpeversion="1.3" scale_width="2.0" interpolator_type="CubicBezierSmooth" interpolator_beta="0.22" sort_points="true" not_jump="false" offset_points="0.000122,0.000000 | 0.946717,7.627344 | 1.424534,3.907812 | 1.999878,0.000000" id="path-effect5815"/>
  </defs>
  <sodipodi:namedview>
    <inkscape:page x="0" y="0" width="800" height="600" inkscape:label="VariousShapes"/>
  </sodipodi:namedview>
  <g inkscape:groupmode="layer" inkscape:label="VariousShapes">
    <g inkscape:groupmode="layer" inkscape:label="Layer 2" opacity="1" style="display:inline">
      <path inkscape:label="Miter" style="opacity:1;mix-blend-mode:normal;display:inline;stroke:#000000;stroke-opacity:1;stroke-width:4.980130608813146;stroke-linecap:butt;stroke-linejoin:miter;stroke-dasharray:0;fill:#3E67FF;fill-opacity:0.35953089594841003;fill-rule:nonzero" d="M 61.0133 207.072 L 97.1854 246.948 L 150.019 236.599 L 123.273 283.323 L 149.442 330.372 L 96.7398 319.373 L 60.0798 358.801 L 54.2544 305.28 L 5.428 282.598 L 54.5298 260.518 L 61.0133 207.072 Z"/>
      <path inkscape:label="Bevel" style="opacity:1;mix-blend-mode:normal;display:inline;stroke:#000000;stroke-opacity:1;stroke-width:4.304881434260641;stroke-linecap:butt;stroke-linejoin:bevel;stroke-dasharray:0;fill:#3E67FF;fill-opacity:0.35953089594841003;fill-rule:nonzero" d="M 123.375 395.821 L 99.0134 435.473 L 120.362 476.825 L 75.1222 465.909 L 42.3906 498.991 L 38.7931 452.592 L -2.78469 431.685 L 40.2317 413.926 L 47.2669 367.923 L 77.4498 403.345 L 123.375 395.821 Z"/>
      <path inkscape:label="Round" style="opacity:1;mix-blend-mode:normal;display:inline;stroke:#000000;stroke-opacity:1;stroke-width:7.0443891104558976;stroke-linecap:butt;stroke-linejoin:round;stroke-dasharray:0;fill:#3E67FF;fill-opacity:0.35953089594841003;fill-rule:nonzero" d="M 287.062 220.488 L 287.507 296.64 L 352.924 335.627 L 280.636 359.582 L 263.773 433.845 L 218.652 372.498 L 142.812 379.409 L 187.214 317.539 L 157.206 247.547 L 229.769 270.656 L 287.062 220.488 Z"/>
      <path inkscape:label="OpenPath" style="opacity:1;mix-blend-mode:normal;display:inline;stroke:#000000;stroke-opacity:1;stroke-width:7.0443891104558976;stroke-linecap:butt;stroke-linejoin:round;stroke-dasharray:0;fill:#3E67FF;fill-opacity:0.35953089594841003;fill-rule:nonzero" d="M 9.54013 52.4732 L 149.454 2.42587 L 188.854 112.574 L 48.9401 162.621"/>
      <path inkscape:label="Rectangle" style="opacity:1;mix-blend-mode:normal;display:inline;stroke:#000000;stroke-opacity:1;stroke-width:7.0443891104558976;stroke-linecap:butt;stroke-linejoin:round;stroke-dasharray:0;fill:#3E67FF;fill-opacity:0.35953089594841003;fill-rule:nonzero" d="M 92.9469 90.5537 L 232.861 40.5064 L 272.261 150.654 L 132.347 200.702 L 92.9469 90.5537 Z"/>
      <path inkscape:label="Oval" style="opacity:1;mix-blend-mode:normal;display:inline;stroke:#000000;stroke-opacity:1;stroke-width:9.52784707877879;stroke-linecap:butt;stroke-linejoin:round;stroke-dasharray:0;fill:#3E67FF;fill-opacity:0.35953089594841003;fill-rule:nonzero" d="M 350.135 187.274 C 383.268 164.271 440.025 188.687 476.905 241.809 C 513.786 294.93 516.823 356.641 483.691 379.644 C 450.558 402.647 393.801 378.231 356.921 325.109 C 320.04 271.988 317.003 210.277 350.135 187.274 Z"/>
      <path inkscape:label="Pentagon" style="opacity:1;mix-blend-mode:normal;display:inline;stroke:#000000;stroke-opacity:1;stroke-width:6.674910600625886;stroke-linecap:butt;stroke-linejoin:round;stroke-dasharray:0;fill:#3E67FF;fill-opacity:0.35953089594841003;fill-rule:nonzero" d="M 315.345 446.305 L 400.752 469.615 L 404.976 558.046 L 322.179 589.389 L 266.784 520.329 L 315.345 446.305 Z"/>
      <path inkscape:label="Cutout" style="opacity:1;mix-blend-mode:normal;display:inline;stroke:#000000;stroke-opacity:1;stroke-width:5;stroke-linecap:butt;stroke-linejoin:round;stroke-dasharray:0;fill:#3E67FF;fill-opacity:0.35953089594841003;fill-rule:nonzero" d="M 136.599 488.534 C 116.624 488.534 100.411 504.715 100.411 524.69 L 100.411 554.721 C 100.411 574.695 116.624 590.909 136.599 590.909 L 201.505 590.909 C 221.479 590.909 237.661 574.695 237.661 554.721 L 237.661 524.69 C 237.661 504.715 221.479 488.534 201.505 488.534 L 136.599 488.534 Z M 169.036 505.909 L 180.036 528.159 L 204.599 531.721 L 186.817 549.065 L 191.005 573.534 L 169.036 561.971 L 147.067 573.534 L 151.255 549.065 L 133.505 531.721 L 158.067 528.159 L 169.036 505.909 Z"/>
      <path inkscape:label="Marker" style="opacity:1;mix-blend-mode:normal;display:inline;stroke:#000000;stroke-opacity:1;stroke-width:10;stroke-linecap:butt;stroke-linejoin:round;stroke-dasharray:0;fill:none" d="M 528.236 153.214 L 731.876 4.59047"/>
      <path inkscape:label="Butt" style="opacity:1;mix-blend-mode:normal;display:inline;stroke:#000000;stroke-opacity:1;stroke-width:10;stroke-linecap:butt;stroke-linejoin:round;stroke-dasharray:0;fill:none" d="M 528.236 240.726 L 731.876 92.1022"/>
      <path inkscape:label="Round" style="opacity:1;mix-blend-mode:normal;display:inline;stroke:#000000;stroke-opacity:1;stroke-width:10;stroke-linecap:round;stroke-linejoin:round;stroke-dasharray:0;fill:none" d="M 528.236 328.238 L 731.876 179.614"/>
      <path inkscape:label="Square" style="opacity:1;mix-blend-mode:normal;display:inline;stroke:#000000;stroke-opacity:1;stroke-width:10;stroke-linecap:square;stroke-linejoin:round;stroke-dasharray:0;fill:none" d="M 528.236 415.75 L 731.876 267.126"/>
      <path inkscape:label="Curve" style="opacity:1;mix-blend-mode:normal;display:inline;stroke:#000000;stroke-opacity:1;stroke-width:10;stroke-linecap:butt;stroke-linejoin:round;stroke-dasharray:0;fill:none" d="M 522.425 491.365 C 522.425 491.365 571.934 416.38 620.536 408.69 C 675.673 399.967 702.82 453.246 702.82 453.246 L 766.364 336.732"/>
      <path inkscape:label="Spiral" style="opacity:1;mix-blend-mode:normal;display:inline;stroke:#000000;stroke-opacity:1;stroke-width:10;stroke-linecap:butt;stroke-linejoin:round;stroke-dasharray:0;fill:none" d="M 367.437 88.1518 C 370.534 84.9213 375.117 82.8175 380.033 82.7139 C 384.95 82.6103 390.145 84.5364 394.046 88.276 C 397.946 92.0156 400.486 97.5489 400.611 103.485 C 400.736 109.422 398.411 115.695 393.896 120.404 C 389.38 125.114 382.699 128.181 375.531 128.332 C 368.364 128.483 360.789 125.675 355.103 120.223 C 349.416 114.771 345.712 106.704 345.53 98.0498 C 345.348 89.3952 348.739 80.2497 355.321 73.3836 C 361.904 66.5173 371.645 62.0458 382.094 61.8257 C 392.544 61.6055 403.587 65.6993 411.877 73.6476 C 420.168 81.596 425.567 93.3567 425.833 105.974 C 426.098 118.592 421.155 131.925 411.558 141.935 C 401.961 151.945 387.761 158.464 372.526 158.785 C 357.292 159.106 341.193 153.137 329.106 141.55 C 317.019 129.962 309.148 112.816 308.761 94.4213 C 308.373 76.0264 315.579 56.5883 329.571 41.9944 C 343.562 27.4009 364.265 17.8968 386.476 17.4288 C 408.686 16.9607 432.156 25.6621 449.777 42.5558 C 467.398 59.4496 478.873 84.4465 479.439 111.264"/>
      <path inkscape:label="Brush" style="opacity:1;mix-blend-mode:normal;display:inline;stroke:none;stroke-opacity:1;stroke-width:20;stroke-linecap:butt;stroke-linejoin:round;stroke-dasharray:0;fill:#000000;fill-opacity:1;fill-rule:nonzero" inkscape:original-d="M 459.439 593.779 C 459.439 593.779 493.804 548.246 563.251 558.819 C 642.987 570.959 769.5 467.225 769.5 467.225" inkscape:path-effect="#path-effect5815"/>
    </g>
  </g>
</svg>
