<!-- Converted by extension-curve -->
<svg xmlns="http://www.w3.org/2000/svg" xmlns:svg="http://www.w3.org/2000/svg" xmlns:xlink="http://www.w3.org/1999/xlink" xmlns:sodipodi="http://sodipodi.sourceforge.net/DTD/sodipodi-0.dtd" xmlns:inkscape="http://www.inkscape.org/namespaces/inkscape" viewBox="0 0 800 600" width="800px" height="600px">
  <sodipodi:namedview>
    <inkscape:page x="0" y="0" width="800" height="600" inkscape:label="TestingBoard1"/>
  </sodipodi:namedview>
  <g inkscape:groupmode="layer" inkscape:label="TestingBoard1">
    <rect x="0" y="0" width="800" height="600" inkscape:label="background" sodipodi:insensitive="true" style="fill:#CDB174;fill-opacity:1;fill-rule:nonzero"/>
    <g inkscape:groupmode="layer" inkscape:label="Layer 1" opacity="1" style="display:inline">
      <rect x="-102.21" y="-93.5718" width="204.42" height="187.1436" rx="51.10486328497285" ry="46.78587508131874" inkscape:label="Normal" style="opacity:1;mix-blend-mode:normal;display:inline;stroke:none;fill:#3E67FF;fill-opacity:1;fill-rule:nonzero" transform="matrix(0.97838 0 0 1.0687 100 100)"/>
      <rect x="-102.21" y="-93.5718" width="204.42" height="187.1436" rx="51.10486328497285" ry="46.78587508131874" inkscape:label="Darken" style="opacity:1;mix-blend-mode:darken;display:inline;stroke:none;fill:#3E67FF;fill-opacity:1;fill-rule:nonzero" transform="matrix(0.97838 0 0 1.0687 300 100)"/>
      <rect x="-102.21" y="-93.5718" width="204.42" height="187.1436" rx="51.10486328497285" ry="46.78587508131874" inkscape:label="Multiply" style="opacity:1;mix-blend-mode:multiply;display:inline;stroke:none;fill:#3E67FF;fill-opacity:1;fill-rule:nonzero" transform="matrix(0.97838 0 0 1.0687 500 100)"/>
      <rect x="-102.21" y="-93.5718" width="204.42" height="187.1436" rx="51.10486328497285" ry="46.78587508131874" inkscape:label="Lighten" style="opacity:1;mix-blend-mode:lighten;display:inline;stroke:none;fill:#3E67FF;fill-opacity:1;fill-rule:nonzero" transform="matrix(0.97838 0 0 1.0687 700 100)"/>
      <rect x="-102.21" y="-93.5718" width="204.42" height="187.1436" rx="51.10486328497285" ry="46.78587508131874" inkscape:label="Screen" style="opacity:1;mix-blend-mode:screen;display:inline;stroke:none;fill:#3E67FF;fill-opacity:1;fill-rule:nonzero" transform="matrix(0.97838 0 0 1.0687 100 300)"/>
      <rect x="-102.21" y="-93.5718" width="204.42" height="187.1436" rx="51.10486328497285" ry="46.78587508131874" inkscape:label="Overlay" style="opacity:1;mix-blend-mode:overlay;display:inline;stroke:none;fill:#3E67FF;fill-opacity:1;fill-rule:nonzero" transform="matrix(0.97838 0 0 1.0687 300 300)"/>
      <rect x="-102.21" y="-93.5718" width="204.42" height="187.1436" rx="51.10486328497285" ry="46.78587508131874" inkscape:label="Difference" style="opacity:1;mix-blend-mode:difference;display:inline;stroke:none;fill:#3E67FF;fill-opacity:1;fill-rule:nonzero" transform="matrix(0.97838 0 0 1.0687 500 300)"/>
      <rect x="-102.21" y="-93.5718" width="204.42" height="187.1436" rx="51.10486328497285" ry="46.78587508131874" inkscape:label="Exclusion" style="opacity:1;mix-blend-mode:exclusion;display:inline;stroke:none;fill:#3E67FF;fill-opacity:1;fill-rule:nonzero" transform="matrix(0.97838 0 0 1.0687 700 300)"/>
      <rect x="-102.21" y="-93.5718" width="204.42" height="187.1436" rx="51.10486328497285" ry="46.78587508131874" inkscape:label="Hue" style="opacity:1;mix-blend-mode:hue;display:inline;stroke:none;fill:#3E67FF;fill-opacity:1;fill-rule:nonzero" transform="matrix(0.97838 0 0 1.0687 100 500)"/>
      <rect x="-102.21" y="-93.5718" width="204.42" height="187.1436" rx="51.10486328497285" ry="46.78587508131874" inkscape:label="Saturation" style="opacity:1;mix-blend-mode:saturation;display:inline;stroke:none;fill:#3E67FF;fill-opacity:1;fill-rule:nonzero" transform="matrix(0.97838 0 0 1.0687 300 500)"/>
      <rect x="-102.21" y="-93.5718" width="204.42" height="187.1436" rx="51.10486328497285" ry="46.78587508131874" inkscape:label="Color" style="opacity:1;mix-blend-mode:color;display:inline;stroke:none;fill:#3E67FF;fill-opacity:1;fill-rule:nonzero" transform="matrix(0.97838 0 0 1.0687 500 500)"/>
      <rect x="-102.21" y="-93.5718" width="204.42" height="187.1436" rx="51.10486328497285" ry="46.78587508131874" inkscape:label="Luminosity" style="opacity:1;mix-blend-mode:luminosity;display:inline;stroke:none;fill:#3E67FF;fill-opacity:1;fill-rule:nonzero" transform="matrix(0.97838 0 0 1.0687 700 500)"/>
    </g>
  </g>
</svg>
